C:\Users\daekc\OneDrive\Bureau\POO\POO_Ascenseur\ascenseur-app\src\main\java\exceptions\NoSuchFloorException.java
C:\Users\daekc\OneDrive\Bureau\POO\POO_Ascenseur\ascenseur-app\src\main\java\elevator\YellowElevator.java
C:\Users\daekc\OneDrive\Bureau\POO\POO_Ascenseur\ascenseur-app\src\main\java\elevator\RedElevator.java
C:\Users\daekc\OneDrive\Bureau\POO\POO_Ascenseur\ascenseur-app\src\main\java\main\SystemInit.java
C:\Users\daekc\OneDrive\Bureau\POO\POO_Ascenseur\ascenseur-app\src\main\java\user\Demand.java
C:\Users\daekc\OneDrive\Bureau\POO\POO_Ascenseur\ascenseur-app\src\main\java\user\User.java
C:\Users\daekc\OneDrive\Bureau\POO\POO_Ascenseur\ascenseur-app\src\main\java\main\Main.java
C:\Users\daekc\OneDrive\Bureau\POO\POO_Ascenseur\ascenseur-app\src\main\java\elevator\Elevator.java
C:\Users\daekc\OneDrive\Bureau\POO\POO_Ascenseur\ascenseur-app\src\main\java\main\Utils.java
C:\Users\daekc\OneDrive\Bureau\POO\POO_Ascenseur\ascenseur-app\src\main\java\exceptions\FirstFloorException.java
C:\Users\daekc\OneDrive\Bureau\POO\POO_Ascenseur\ascenseur-app\src\main\java\main\SystemStats.java
C:\Users\daekc\OneDrive\Bureau\POO\POO_Ascenseur\ascenseur-app\src\main\java\floor\Floor.java
C:\Users\daekc\OneDrive\Bureau\POO\POO_Ascenseur\ascenseur-app\src\main\java\main\ElevatorSequence.java
C:\Users\daekc\OneDrive\Bureau\POO\POO_Ascenseur\ascenseur-app\src\main\java\user\Administrative.java
C:\Users\daekc\OneDrive\Bureau\POO\POO_Ascenseur\ascenseur-app\src\main\java\elevator\GreenElevator.java
C:\Users\daekc\OneDrive\Bureau\POO\POO_Ascenseur\ascenseur-app\src\main\java\exceptions\NoSuchDirection.java
C:\Users\daekc\OneDrive\Bureau\POO\POO_Ascenseur\ascenseur-app\src\main\java\user\Student.java
C:\Users\daekc\OneDrive\Bureau\POO\POO_Ascenseur\ascenseur-app\src\main\java\elevator\Dispatcher.java
C:\Users\daekc\OneDrive\Bureau\POO\POO_Ascenseur\ascenseur-app\src\main\java\exceptions\UnreachableFloor.java
C:\Users\daekc\OneDrive\Bureau\POO\POO_Ascenseur\ascenseur-app\src\main\java\user\Teacher.java
C:\Users\daekc\OneDrive\Bureau\POO\POO_Ascenseur\ascenseur-app\src\main\java\exceptions\LastFloorException.java
